Archive member included because of file (symbol)

c:/program files/winavr/bin/../lib/gcc/avr/4.1.1/avr4\libgcc.a(_copy_data.o)
                              main.o (__do_copy_data)
c:/program files/winavr/bin/../lib/gcc/avr/4.1.1/avr4\libgcc.a(_clear_bss.o)
                              main.o (__do_clear_bss)

Allocating common symbols
Common symbol       size              file

maintype            0x1               main.o
mode                0x2               main.o
readuart            0xb               main.o
key                 0x4               main.o
bc                  0x3               bluecore.o
rc5                 0x58              rc5.o
uart                0x21              uart.o
detectpin           0x8               detectpin.o

Discarded input sections

 .stabstr       0x00000000        0x0 c:/program files/winavr/bin/../lib/gcc/avr/4.1.1/../../../../avr/lib/avr4/crtm48.o

Memory Configuration

Name             Origin             Length             Attributes
text             0x00000000         0x00002000         xr
data             0x00800060         0x0000ffa0         rw !x
eeprom           0x00810000         0x00010000         rw !x
*default*        0x00000000         0xffffffff

Linker script and memory map

Address of section .data set to 0x800100
LOAD c:/program files/winavr/bin/../lib/gcc/avr/4.1.1/../../../../avr/lib/avr4/crtm48.o
LOAD main.o
LOAD rc5.o
LOAD uart.o
LOAD bluecore.o
LOAD rc5_mode.o
LOAD readuart.o
LOAD key.o
LOAD detectpin.o
LOAD c:/program files/winavr/bin/../lib/gcc/avr/4.1.1/avr4\libgcc.a
LOAD c:/program files/winavr/bin/../lib/gcc/avr/4.1.1/../../../../avr/lib/avr4\libc.a
LOAD c:/program files/winavr/bin/../lib/gcc/avr/4.1.1/avr4\libgcc.a

.hash
 *(.hash)

.dynsym
 *(.dynsym)

.dynstr
 *(.dynstr)

.gnu.version
 *(.gnu.version)

.gnu.version_d
 *(.gnu.version_d)

.gnu.version_r
 *(.gnu.version_r)

.rel.init
 *(.rel.init)

.rela.init
 *(.rela.init)

.rel.text
 *(.rel.text)
 *(.rel.text.*)
 *(.rel.gnu.linkonce.t*)

.rela.text
 *(.rela.text)
 *(.rela.text.*)
 *(.rela.gnu.linkonce.t*)

.rel.fini
 *(.rel.fini)

.rela.fini
 *(.rela.fini)

.rel.rodata
 *(.rel.rodata)
 *(.rel.rodata.*)
 *(.rel.gnu.linkonce.r*)

.rela.rodata
 *(.rela.rodata)
 *(.rela.rodata.*)
 *(.rela.gnu.linkonce.r*)

.rel.data
 *(.rel.data)
 *(.rel.data.*)
 *(.rel.gnu.linkonce.d*)

.rela.data
 *(.rela.data)
 *(.rela.data.*)
 *(.rela.gnu.linkonce.d*)

.rel.ctors
 *(.rel.ctors)

.rela.ctors
 *(.rela.ctors)

.rel.dtors
 *(.rel.dtors)

.rela.dtors
 *(.rela.dtors)

.rel.got
 *(.rel.got)

.rela.got
 *(.rela.got)

.rel.bss
 *(.rel.bss)

.rela.bss
 *(.rela.bss)

.rel.plt
 *(.rel.plt)

.rela.plt
 *(.rela.plt)

.text           0x00000000      0x894
 *(.vectors)
 .vectors       0x00000000       0x34 c:/program files/winavr/bin/../lib/gcc/avr/4.1.1/../../../../avr/lib/avr4/crtm48.o
                0x00000000                __vectors
                0x00000000                __vector_default
 *(.vectors)
 *(.progmem.gcc*)
 *(.progmem*)
                0x00000034                . = ALIGN (0x2)
                0x00000034                __trampolines_start = .
 *(.trampolines)
 .trampolines   0x00000034        0x0 linker stubs
 *(.trampolines*)
                0x00000034                __trampolines_end = .
 *(.jumptables)
 *(.jumptables*)
 *(.lowtext)
 *(.lowtext*)
                0x00000034                __ctors_start = .
 *(.ctors)
                0x00000034                __ctors_end = .
                0x00000034                __dtors_start = .
 *(.dtors)
                0x00000034                __dtors_end = .
 SORT(*)(.ctors)
 SORT(*)(.dtors)
 *(.init0)
 .init0         0x00000034        0x0 c:/program files/winavr/bin/../lib/gcc/avr/4.1.1/../../../../avr/lib/avr4/crtm48.o
                0x00000034                __init
 *(.init0)
 *(.init1)
 *(.init1)
 *(.init2)
 .init2         0x00000034        0xc c:/program files/winavr/bin/../lib/gcc/avr/4.1.1/../../../../avr/lib/avr4/crtm48.o
 *(.init2)
 *(.init3)
 *(.init3)
 *(.init4)
 .init4         0x00000040       0x16 c:/program files/winavr/bin/../lib/gcc/avr/4.1.1/avr4\libgcc.a(_copy_data.o)
                0x00000040                __do_copy_data
 .init4         0x00000056       0x10 c:/program files/winavr/bin/../lib/gcc/avr/4.1.1/avr4\libgcc.a(_clear_bss.o)
                0x00000056                __do_clear_bss
 *(.init4)
 *(.init5)
 *(.init5)
 *(.init6)
 *(.init6)
 *(.init7)
 *(.init7)
 *(.init8)
 *(.init8)
 *(.init9)
 .init9         0x00000066        0x2 c:/program files/winavr/bin/../lib/gcc/avr/4.1.1/../../../../avr/lib/avr4/crtm48.o
 *(.init9)
 *(.text)
 .text          0x00000068        0x2 c:/program files/winavr/bin/../lib/gcc/avr/4.1.1/../../../../avr/lib/avr4/crtm48.o
                0x00000068                __vector_22
                0x00000068                __vector_1
                0x00000068                __vector_24
                0x00000068                __vector_12
                0x00000068                __bad_interrupt
                0x00000068                __vector_6
                0x00000068                __vector_3
                0x00000068                __vector_23
                0x00000068                __vector_25
                0x00000068                __vector_11
                0x00000068                __vector_13
                0x00000068                __vector_17
                0x00000068                __vector_19
                0x00000068                __vector_5
                0x00000068                __vector_4
                0x00000068                __vector_9
                0x00000068                __vector_2
                0x00000068                __vector_21
                0x00000068                __vector_15
                0x00000068                __vector_8
                0x00000068                __vector_14
                0x00000068                __vector_10
                0x00000068                __vector_16
                0x00000068                __vector_20
 .text          0x0000006a       0x5c main.o
                0x0000008e                mute_3s_init
                0x0000006a                main_init
                0x000000be                main
 .text          0x000000c6      0x348 rc5.o
                0x00000248                rc5_putFrame
                0x000000d4                Set_Disable
                0x000000e4                rc5_init
                0x00000176                __vector_7
                0x000002b0                rc5_sendInput
                0x00000324                rc5_transmit
                0x000000c6                Set_Enable
 .text          0x0000040e      0x144 uart.o
                0x000004ee                uart_getchar
                0x00000418                uart_init
                0x0000040e                uart_get_rxd_buf_cnt
                0x00000470                __vector_18
                0x00000542                uart_putchar
 .text          0x00000552       0xfc bluecore.o
                0x0000055e                bc_decode
                0x00000638                bc_receive
                0x00000552                bc_init
 .text          0x0000064e       0x8e rc5_mode.o
                0x0000066c                rc5mode_switch_init
                0x00000688                rc5mode_switch_handle
 .text          0x000006dc       0x1a readuart.o
                0x000006dc                readuart_init
 .text          0x000006f6       0x9a key.o
                0x00000706                key_init
                0x00000728                key_pressconfirm_action
                0x0000071a                key_sentButtonReleaseCmd
                0x000006f6                key_reset_parameter
                0x0000076a                key_chk_rc5_signalrelease
                0x00000724                key_sentButtonPressCmd
 .text          0x00000790      0x104 detectpin.o
                0x0000088e                detectpin_handle
                0x0000080a                detectpin_ChangeSetAudio_DetectSwitch
                0x00000842                detectpin_ChangeAction
                0x00000790                detectpin_readpin
                0x00000818                detectpin_ChangeSetMuteCtrl
                0x00000828                detectpin_init
 .text          0x00000894        0x0 c:/program files/winavr/bin/../lib/gcc/avr/4.1.1/avr4\libgcc.a(_copy_data.o)
 .text          0x00000894        0x0 c:/program files/winavr/bin/../lib/gcc/avr/4.1.1/avr4\libgcc.a(_clear_bss.o)
                0x00000894                . = ALIGN (0x2)
 *(.text.*)
 .text.libgcc   0x00000894        0x0 c:/program files/winavr/bin/../lib/gcc/avr/4.1.1/avr4\libgcc.a(_copy_data.o)
 .text.libgcc   0x00000894        0x0 c:/program files/winavr/bin/../lib/gcc/avr/4.1.1/avr4\libgcc.a(_clear_bss.o)
                0x00000894                . = ALIGN (0x2)
 *(.fini9)
 *(.fini9)
 *(.fini8)
 *(.fini8)
 *(.fini7)
 *(.fini7)
 *(.fini6)
 *(.fini6)
 *(.fini5)
 *(.fini5)
 *(.fini4)
 *(.fini4)
 *(.fini3)
 *(.fini3)
 *(.fini2)
 *(.fini2)
 *(.fini1)
 *(.fini1)
 *(.fini0)
 *(.fini0)
                0x00000894                _etext = .

.data           0x00800100        0x0 load address 0x00000894
                0x00800100                PROVIDE (__data_start, .)
 *(.data)
 .data          0x00800100        0x0 c:/program files/winavr/bin/../lib/gcc/avr/4.1.1/../../../../avr/lib/avr4/crtm48.o
 .data          0x00800100        0x0 main.o
 .data          0x00800100        0x0 rc5.o
 .data          0x00800100        0x0 uart.o
 .data          0x00800100        0x0 bluecore.o
 .data          0x00800100        0x0 rc5_mode.o
 .data          0x00800100        0x0 readuart.o
 .data          0x00800100        0x0 key.o
 .data          0x00800100        0x0 detectpin.o
 .data          0x00800100        0x0 c:/program files/winavr/bin/../lib/gcc/avr/4.1.1/avr4\libgcc.a(_copy_data.o)
 .data          0x00800100        0x0 c:/program files/winavr/bin/../lib/gcc/avr/4.1.1/avr4\libgcc.a(_clear_bss.o)
 *(.data*)
 *(.rodata)
 *(.rodata*)
 *(.gnu.linkonce.d*)
                0x00800100                . = ALIGN (0x2)
                0x00800100                _edata = .
                0x00800100                PROVIDE (__data_end, .)

.bss            0x00800100       0x9b
                0x00800100                PROVIDE (__bss_start, .)
 *(.bss)
 .bss           0x00800100        0x0 c:/program files/winavr/bin/../lib/gcc/avr/4.1.1/../../../../avr/lib/avr4/crtm48.o
 .bss           0x00800100        0x2 main.o
                0x00800100                delaytimer
 .bss           0x00800102        0x0 rc5.o
 .bss           0x00800102        0x0 uart.o
 .bss           0x00800102        0x0 bluecore.o
 .bss           0x00800102        0x0 rc5_mode.o
 .bss           0x00800102        0x0 readuart.o
 .bss           0x00800102        0x0 key.o
 .bss           0x00800102        0x3 detectpin.o
 .bss           0x00800105        0x0 c:/program files/winavr/bin/../lib/gcc/avr/4.1.1/avr4\libgcc.a(_copy_data.o)
 .bss           0x00800105        0x0 c:/program files/winavr/bin/../lib/gcc/avr/4.1.1/avr4\libgcc.a(_clear_bss.o)
 *(.bss*)
 *(COMMON)
 COMMON         0x00800105       0x12 main.o
                0x00800105                maintype
                0x00800106                mode
                0x00800108                readuart
                0x00800113                key
 COMMON         0x00800117       0x58 rc5.o
                0x00800117                rc5
 COMMON         0x0080016f       0x21 uart.o
                0x0080016f                uart
 COMMON         0x00800190        0x3 bluecore.o
                0x00800190                bc
 COMMON         0x00800193        0x8 detectpin.o
                0x00800193                detectpin
                0x0080019b                PROVIDE (__bss_end, .)
                0x00000894                __data_load_start = LOADADDR (.data)
                0x00000894                __data_load_end = (__data_load_start + SIZEOF (.data))

.noinit         0x0080019b        0x0
                0x0080019b                PROVIDE (__noinit_start, .)
 *(.noinit*)
                0x0080019b                PROVIDE (__noinit_end, .)
                0x0080019b                _end = .
                0x0080019b                PROVIDE (__heap_start, .)

.eeprom         0x00810000        0x0
 *(.eeprom*)
                0x00810000                __eeprom_end = .

.stab           0x00000000      0x36c
 *(.stab)
 .stab          0x00000000      0x36c c:/program files/winavr/bin/../lib/gcc/avr/4.1.1/../../../../avr/lib/avr4/crtm48.o

.stabstr        0x00000000       0x84
 *(.stabstr)
 .stabstr       0x00000000       0x84 c:/program files/winavr/bin/../lib/gcc/avr/4.1.1/../../../../avr/lib/avr4/crtm48.o

.stab.excl
 *(.stab.excl)

.stab.exclstr
 *(.stab.exclstr)

.stab.index
 *(.stab.index)

.stab.indexstr
 *(.stab.indexstr)

.comment
 *(.comment)

.debug
 *(.debug)

.line
 *(.line)

.debug_srcinfo
 *(.debug_srcinfo)

.debug_sfnames
 *(.debug_sfnames)

.debug_aranges  0x00000000      0x100
 *(.debug_aranges)
 .debug_aranges
                0x00000000       0x20 main.o
 .debug_aranges
                0x00000020       0x20 rc5.o
 .debug_aranges
                0x00000040       0x20 uart.o
 .debug_aranges
                0x00000060       0x20 bluecore.o
 .debug_aranges
                0x00000080       0x20 rc5_mode.o
 .debug_aranges
                0x000000a0       0x20 readuart.o
 .debug_aranges
                0x000000c0       0x20 key.o
 .debug_aranges
                0x000000e0       0x20 detectpin.o

.debug_pubnames
                0x00000000      0x3cc
 *(.debug_pubnames)
 .debug_pubnames
                0x00000000       0x74 main.o
 .debug_pubnames
                0x00000074       0x89 rc5.o
 .debug_pubnames
                0x000000fd       0x74 uart.o
 .debug_pubnames
                0x00000171       0x42 bluecore.o
 .debug_pubnames
                0x000001b3       0x6c rc5_mode.o
 .debug_pubnames
                0x0000021f       0x31 readuart.o
 .debug_pubnames
                0x00000250       0xb1 key.o
 .debug_pubnames
                0x00000301       0xcb detectpin.o

.debug_info     0x00000000     0x1151
 *(.debug_info)
 .debug_info    0x00000000      0x251 main.o
 .debug_info    0x00000251      0x373 rc5.o
 .debug_info    0x000005c4      0x1fa uart.o
 .debug_info    0x000007be      0x290 bluecore.o
 .debug_info    0x00000a4e      0x198 rc5_mode.o
 .debug_info    0x00000be6      0x151 readuart.o
 .debug_info    0x00000d37      0x1cf key.o
 .debug_info    0x00000f06      0x24b detectpin.o
 *(.gnu.linkonce.wi.*)

.debug_abbrev   0x00000000      0x731
 *(.debug_abbrev)
 .debug_abbrev  0x00000000       0xb3 main.o
 .debug_abbrev  0x000000b3      0x16b rc5.o
 .debug_abbrev  0x0000021e      0x10f uart.o
 .debug_abbrev  0x0000032d       0xe5 bluecore.o
 .debug_abbrev  0x00000412       0xe9 rc5_mode.o
 .debug_abbrev  0x000004fb       0x9c readuart.o
 .debug_abbrev  0x00000597       0xcc key.o
 .debug_abbrev  0x00000663       0xce detectpin.o

.debug_line     0x00000000     0x1052
 *(.debug_line)
 .debug_line    0x00000000      0x1d0 main.o
 .debug_line    0x000001d0      0x3f6 rc5.o
 .debug_line    0x000005c6      0x1f5 uart.o
 .debug_line    0x000007bb      0x1b6 bluecore.o
 .debug_line    0x00000971      0x1ad rc5_mode.o
 .debug_line    0x00000b1e      0x100 readuart.o
 .debug_line    0x00000c1e      0x1b2 key.o
 .debug_line    0x00000dd0      0x282 detectpin.o

.debug_frame    0x00000000      0x2b0
 *(.debug_frame)
 .debug_frame   0x00000000       0x40 main.o
 .debug_frame   0x00000040       0x80 rc5.o
 .debug_frame   0x000000c0       0x60 uart.o
 .debug_frame   0x00000120       0x40 bluecore.o
 .debug_frame   0x00000160       0x50 rc5_mode.o
 .debug_frame   0x000001b0       0x20 readuart.o
 .debug_frame   0x000001d0       0x70 key.o
 .debug_frame   0x00000240       0x70 detectpin.o

.debug_str      0x00000000      0x60d
 *(.debug_str)
 .debug_str     0x00000000      0x1fe main.o
                                0x24e (size before relaxing)
 .debug_str     0x000001fe       0xe2 rc5.o
                                0x20f (size before relaxing)
 .debug_str     0x000002e0       0x89 uart.o
                                0x1bf (size before relaxing)
 .debug_str     0x00000369       0x2b bluecore.o
                                0x1ad (size before relaxing)
 .debug_str     0x00000394       0x38 rc5_mode.o
                                0x1a2 (size before relaxing)
 .debug_str     0x000003cc       0x2f readuart.o
                                0x1aa (size before relaxing)
 .debug_str     0x000003fb       0xbe key.o
                                0x23a (size before relaxing)
 .debug_str     0x000004b9      0x154 detectpin.o
                                0x2cd (size before relaxing)

.debug_loc      0x00000000      0x14e
 *(.debug_loc)
 .debug_loc     0x00000000       0x40 rc5.o
 .debug_loc     0x00000040       0x5a uart.o
 .debug_loc     0x0000009a       0x1e bluecore.o
 .debug_loc     0x000000b8       0x96 key.o

.debug_macinfo
 *(.debug_macinfo)
OUTPUT(ATMega48_BID101_RX_SIMON.elf elf32-avr)
LOAD linker stubs
